homepage
google.com
linux.org
youtube.com
linux.org
facebook.com
linux.org
facebook.com